// Jest Snapshot v1, https://goo.gl/fbAQLP

exports[`test initial Repolist snapshot 1`] = `
Array [
  <div
    className="repo"
  >
    <h3>
      name
    </h3>
    <p>
      description
    </p>
    <a
      href="link"
      target="_blank"
    >
      repositório
    </a>
    <p>
      Linguagem: 
      language
    </p>
    <br />
  </div>,
  <div
    className="repo"
  >
    <h3>
      name2
    </h3>
    <p>
      description2
    </p>
    <a
      href="link2"
      target="_blank"
    >
      repositório
    </a>
    <p>
      Linguagem: 
      language2
    </p>
    <br />
  </div>,
  <div
    className="repo"
  >
    <h3>
      name3
    </h3>
    <p>
      description3
    </p>
    <a
      href="link3"
      target="_blank"
    >
      repositório
    </a>
    <p>
      Linguagem: 
      language3
    </p>
    <br />
  </div>,
]
`;
