// Jest Snapshot v1, https://goo.gl/fbAQLP

exports[`initial test App snapshot 1`] = `
<div
  className="App"
>
  <div
    className="search"
  >
    <form
      onSubmit={[Function]}
    >
      <input
        data-testid="input"
        onChange={[Function]}
        placeholder="nome do usuário no github"
        type="text"
      />
      <input
        data-testid="searchButton"
        onClick={[Function]}
        type="submit"
        value="pesquisar"
      />
    </form>
  </div>
  <h3>
    Nenhum repositório encontrado
  </h3>
</div>
`;
